// Jest Snapshot v1, https://goo.gl/fbAQLP

exports[`escape basic 1`] = `true`;

exports[`escape basic 2`] = `"image.png"`;

exports[`escape basic 3`] = `"image.png"`;

exports[`escape basic 4`] = `"image.png"`;

exports[`escape basic 5`] = `"\\"image other.png\\""`;

exports[`escape basic 6`] = `"\\"image other.png\\""`;

exports[`escape basic 7`] = `"\\"image other.png\\""`;

exports[`escape basic 8`] = `"\\"image\\\\\\"other.png\\""`;

exports[`escape basic 9`] = `"\\"image\\\\nother.png\\""`;
